// Jest Snapshot v1, https://goo.gl/fbAQLP

exports[`Accounts Index renders the correct markup empty 1`] = `
<div>
  <v-layout column="column" justify-center="justify-center" align-center="align-center">
    <v-flex sm8="sm8" md6="md6">
      <v-data-table headers="[object Object],[object Object],[object Object],[object Object]" items="" class="elevation-1"></v-data-table>
      <v-btn router="router" to="/accounts/add" color="primary">ADD</v-btn>
    </v-flex>
  </v-layout>
</div>
`;

exports[`Accounts Index renders the correct markup with 3 accounts 1`] = `
<div>
  <v-layout column="column" justify-center="justify-center" align-center="align-center">
    <v-flex sm8="sm8" md6="md6">
      <v-data-table headers="[object Object],[object Object],[object Object],[object Object]" items="" class="elevation-1"></v-data-table>
      <v-btn router="router" to="/accounts/add" color="primary">ADD</v-btn>
    </v-flex>
  </v-layout>
</div>
`;
